error: you are iterating over `Iterator::next()` which is an Option; this will compile but is probably not what you want
  --> tests/ui/iter_next_loop.rs:6:14
   |
LL |     for _ in x.iter().next() {}
   |              ^^^^^^^^^^^^^^^
   |
   = note: `-D clippy::iter-next-loop` implied by `-D warnings`
   = help: to override `-D warnings` add `#[allow(clippy::iter_next_loop)]`

error: paths containing hidden lifetime parameters are deprecated
  --> tests/ui/iter_next_loop.rs:11:27
   |
LL |         fn next(&self) -> std::slice::Iter<u8> {
   |                           ^^^^^^^^^^^^^^^^^^^^
   |
   = note: `-D hidden-lifetimes-in-output-paths` implied by `-D warnings`
   = help: to override `-D warnings` add `#[allow(hidden_lifetimes_in_output_paths)]`
help: indicate the anonymous lifetime
   |
LL |         fn next(&self) -> std::slice::Iter<'_, u8> {
   |                                            +++

error: aborting due to 2 previous errors

