error: this method is named `iter` but its return type does not implement `Iterator`
  --> tests/ui/iter_not_returning_iterator.rs:30:5
   |
LL |     fn iter(&self) -> Counter2 {
   |     ^^^^^^^^^^^^^^^^^^^^^^^^^^
   |
   = note: `-D clippy::iter-not-returning-iterator` implied by `-D warnings`
   = help: to override `-D warnings` add `#[allow(clippy::iter_not_returning_iterator)]`

error: this method is named `iter_mut` but its return type does not implement `Iterator`
  --> tests/ui/iter_not_returning_iterator.rs:36:5
   |
LL |     fn iter_mut(&self) -> Counter2 {
   |     ^^^^^^^^^^^^^^^^^^^^^^^^^^^^^^

error: this method is named `iter` but its return type does not implement `Iterator`
  --> tests/ui/iter_not_returning_iterator.rs:54:5
   |
LL |     fn iter(&self) -> Self::I;
   |     ^^^^^^^^^^^^^^^^^^^^^^^^^^

error: paths containing hidden lifetime parameters are deprecated
  --> tests/ui/iter_not_returning_iterator.rs:74:23
   |
LL |     fn iter(&self) -> core::slice::Iter<u8> {
   |                       ^^^^^^^^^^^^^^^^^^^^^
   |
   = note: `-D hidden-lifetimes-in-output-paths` implied by `-D warnings`
   = help: to override `-D warnings` add `#[allow(hidden_lifetimes_in_output_paths)]`
help: indicate the anonymous lifetime
   |
LL |     fn iter(&self) -> core::slice::Iter<'_, u8> {
   |                                         +++

error: aborting due to 4 previous errors

