error: methods called `new` usually return `Self`
  --> tests/ui/methods.rs:102:5
   |
LL | /     fn new() -> i32 {
LL | |
LL | |         0
LL | |     }
   | |_____^
   |
   = note: `-D clippy::new-ret-no-self` implied by `-D warnings`
   = help: to override `-D warnings` add `#[allow(clippy::new_ret_no_self)]`

error: called `filter(..).next()` on an `Iterator`. This is more succinctly expressed by calling `.find(..)` instead
  --> tests/ui/methods.rs:124:13
   |
LL |       let _ = v.iter().filter(|&x| {
   |  _____________^
LL | |
LL | |                                 *x < 0
LL | |                             }
LL | |                    ).next();
   | |___________________________^
   |
   = note: `-D clippy::filter-next` implied by `-D warnings`
   = help: to override `-D warnings` add `#[allow(clippy::filter_next)]`

error: paths containing hidden lifetime parameters are deprecated
  --> tests/ui/methods.rs:54:28
   |
LL |     pub fn new(s: &str) -> Lt2 {
   |                            ^^^
   |
   = note: `-D hidden-lifetimes-in-output-paths` implied by `-D warnings`
   = help: to override `-D warnings` add `#[allow(hidden_lifetimes_in_output_paths)]`
help: indicate the anonymous lifetime
   |
LL |     pub fn new(s: &str) -> Lt2<'_> {
   |                               ++++

error: aborting due to 3 previous errors

